I'm sorry, but errors were detected in your script. Please correct the
errors listed below, and try again.


File "game/script.rpy", line 13: expected statement.
    bg jpbg
           ^

Ren'Py Version: Ren'Py 6.99.12.4.2187
